2024-07-30 15:15:16 INFO  HikariDataSource:350 - DateSourceHikariCP - Shutdown initiated...
2024-07-30 15:15:16 INFO  HikariDataSource:352 - DateSourceHikariCP - Shutdown completed.
2024-07-30 15:15:19 INFO  Version:21 - HV000001: Hibernate Validator 6.0.16.Final
2024-07-30 15:15:20 INFO  Application:55 - Starting Application using Java 1.8.0_291 on jianzhoudeMacBook-Pro.local with PID 42052 (/Users/jianzhounie/GitHub/Java-Architect-Stage/architect-stage-1-monolith/第1阶段单体架构/天天吃货后端源码/foodie-dev/foodie-dev-api/target/classes started by jianzhounie in /Users/jianzhounie/GitHub/Java-Architect-Stage)
2024-07-30 15:15:20 INFO  Application:663 - The following profiles are active: dev,actuator
2024-07-30 15:15:21 WARN  ClassPathMapperScanner:44 - Skipping MapperFactoryBean with name 'usersMapperPlus' and 'com.imooc.mapper.UsersMapperPlus' mapperInterface. Bean already defined with the same name!
2024-07-30 15:15:21 WARN  ClassPathMapperScanner:44 - No MyBatis mapper was found in '[com.imooc]' package. Please check your configuration.
2024-07-30 15:15:21 WARN  ClassPathMapperScanner:44 - Skipping MapperFactoryBean with name 'usersMapperPlus' and 'com.imooc.mapper.UsersMapperPlus' mapperInterface. Bean already defined with the same name!
2024-07-30 15:15:21 WARN  ClassPathMapperScanner:44 - No MyBatis mapper was found in '[com.imooc]' package. Please check your configuration.
2024-07-30 15:15:22 INFO  TomcatWebServer:108 - Tomcat initialized with port(s): 8088 (http)
2024-07-30 15:15:22 INFO  ServletWebServerApplicationContext:290 - Root WebApplicationContext: initialization completed in 2187 ms
2024-07-30 15:15:24 INFO  EndpointLinksResolver:58 - Exposing 14 endpoint(s) beneath base path '/actuator'
2024-07-30 15:15:24 INFO  MapperCacheDisabler:60 - Clear tk.mybatis.mapper.util.MsUtil CLASS_CACHE cache.
2024-07-30 15:15:24 INFO  MapperCacheDisabler:60 - Clear tk.mybatis.mapper.genid.GenIdUtil CACHE cache.
2024-07-30 15:15:24 INFO  MapperCacheDisabler:60 - Clear tk.mybatis.mapper.version.VersionUtil CACHE cache.
2024-07-30 15:15:24 INFO  MapperCacheDisabler:83 - Clear EntityHelper entityTableMap cache.
2024-07-30 15:15:25 INFO  TomcatWebServer:220 - Tomcat started on port(s): 8088 (http) with context path ''
2024-07-30 15:15:25 INFO  DocumentationPluginsBootstrapper:84 - Context refreshed
2024-07-30 15:15:25 INFO  DocumentationPluginsBootstrapper:87 - Found 1 custom documentation plugin(s)
2024-07-30 15:15:25 INFO  ApiListingReferenceScanner:44 - Scanning for api listing references
2024-07-30 15:15:25 INFO  CachingOperationNameGenerator:40 - Generating unique operation named: addUsingPOST_1
2024-07-30 15:15:25 INFO  Application:61 - Started Application in 5.997 seconds (JVM running for 6.838)
2024-07-30 15:15:25 INFO  DispatcherServlet:525 - Initializing Servlet 'dispatcherServlet'
2024-07-30 15:15:25 INFO  HikariDataSource:110 - DateSourceHikariCP - Starting...
2024-07-30 15:15:25 INFO  DispatcherServlet:547 - Completed initialization in 7 ms
2024-07-30 15:15:25 INFO  HikariDataSource:123 - DateSourceHikariCP - Start completed.
